[INFO] Scanning for projects...
[INFO] 
[INFO] ---------------< com.n4testing:hotel-management-testing >---------------
[INFO] Building Hotel Management Testing 0.0.1-SNAPSHOT
[INFO]   from pom.xml
[INFO] --------------------------------[ jar ]---------------------------------
[INFO] 
[INFO] --- resources:3.3.1:resources (default-resources) @ hotel-management-testing ---
[INFO] Copying 1 resource from src\main\resources to target\classes
[INFO] Copying 17 resources from src\main\resources to target\classes
[INFO] 
[INFO] --- compiler:3.11.0:compile (default-compile) @ hotel-management-testing ---
[INFO] Changes detected - recompiling the module! :source
[INFO] Compiling 41 source files with javac [debug release 17] to target\classes
[INFO] -------------------------------------------------------------
[ERROR] COMPILATION ERROR : 
[INFO] -------------------------------------------------------------
[ERROR] /D:/Tester/N4-Testing/src/main/java/com/n4testing/controller/TraPhongController.java:[30,34] cannot find symbol
  symbol:   method getIdLuutru()
  location: variable s of type com.n4testing.model.LuuTru
[ERROR] /D:/Tester/N4-Testing/src/main/java/com/n4testing/controller/TraPhongController.java:[31,34] cannot find symbol
  symbol:   method getDatPhong()
  location: variable s of type com.n4testing.model.LuuTru
[ERROR] /D:/Tester/N4-Testing/src/main/java/com/n4testing/controller/TraPhongController.java:[32,47] cannot find symbol
  symbol:   method getThoiGianCheckinThucTe()
  location: variable s of type com.n4testing.model.LuuTru
[ERROR] /D:/Tester/N4-Testing/src/main/java/com/n4testing/controller/TraPhongController.java:[33,48] cannot find symbol
  symbol:   method getThoiGianCheckoutThucTe()
  location: variable s of type com.n4testing.model.LuuTru
[ERROR] /D:/Tester/N4-Testing/src/main/java/com/n4testing/controller/TraPhongController.java:[34,39] cannot find symbol
  symbol:   method getSoNguoiThucTe()
  location: variable s of type com.n4testing.model.LuuTru
[ERROR] /D:/Tester/N4-Testing/src/main/java/com/n4testing/controller/TraPhongController.java:[35,42] cannot find symbol
  symbol:   method getSuDungDichVuList()
  location: variable s of type com.n4testing.model.LuuTru
[ERROR] /D:/Tester/N4-Testing/src/main/java/com/n4testing/controller/TraPhongController.java:[36,38] cannot find symbol
  symbol:   method getThietHaiList()
  location: variable s of type com.n4testing.model.LuuTru
[ERROR] /D:/Tester/N4-Testing/src/main/java/com/n4testing/service/TraPhongService.java:[30,37] cannot find symbol
  symbol:   method getDatPhong()
  location: variable luuTru of type com.n4testing.model.LuuTru
[ERROR] /D:/Tester/N4-Testing/src/main/java/com/n4testing/service/TraPhongService.java:[31,88] cannot find symbol
  symbol:   method getDatPhong()
  location: variable luuTru of type com.n4testing.model.LuuTru
[ERROR] /D:/Tester/N4-Testing/src/main/java/com/n4testing/service/TraPhongService.java:[33,26] cannot find symbol
  symbol:   method getDatPhong()
  location: variable luuTru of type com.n4testing.model.LuuTru
[ERROR] /D:/Tester/N4-Testing/src/main/java/com/n4testing/service/TraPhongService.java:[36,31] cannot find symbol
  symbol:   method getPhong()
  location: variable d of type com.n4testing.model.ChiTietDatPhong
[ERROR] /D:/Tester/N4-Testing/src/main/java/com/n4testing/service/TraPhongService.java:[37,28] cannot find symbol
  symbol:   method getPhong()
  location: variable d of type com.n4testing.model.ChiTietDatPhong
[ERROR] /D:/Tester/N4-Testing/src/main/java/com/n4testing/service/TraPhongService.java:[38,17] no suitable method found for collect(java.util.stream.Collector<java.lang.CharSequence,capture#1 of ?,java.lang.String>)
    method java.util.stream.Stream.<R>collect(java.util.function.Supplier<R>,java.util.function.BiConsumer<R,? super java.lang.Object>,java.util.function.BiConsumer<R,R>) is not applicable
      (cannot infer type-variable(s) R
        (actual and formal argument lists differ in length))
    method java.util.stream.Stream.<R,A>collect(java.util.stream.Collector<? super java.lang.Object,A,R>) is not applicable
      (cannot infer type-variable(s) R,A
        (argument mismatch; java.util.stream.Collector<java.lang.CharSequence,capture#2 of ?,java.lang.String> cannot be converted to java.util.stream.Collector<? super java.lang.Object,A,R>))
[ERROR] /D:/Tester/N4-Testing/src/main/java/com/n4testing/service/TraPhongService.java:[42,35] cannot find symbol
  symbol:   method getDatPhong()
  location: variable luuTru of type com.n4testing.model.LuuTru
[ERROR] /D:/Tester/N4-Testing/src/main/java/com/n4testing/service/TraPhongService.java:[50,23] cannot find symbol
  symbol:   method getPhong()
  location: variable ct of type com.n4testing.model.ChiTietDatPhong
[ERROR] /D:/Tester/N4-Testing/src/main/java/com/n4testing/service/TraPhongService.java:[50,48] cannot find symbol
  symbol:   method getPhong()
  location: variable ct of type com.n4testing.model.ChiTietDatPhong
[ERROR] /D:/Tester/N4-Testing/src/main/java/com/n4testing/service/TraPhongService.java:[51,55] cannot find symbol
  symbol:   method getSoLuongPhong()
  location: variable ct of type com.n4testing.model.ChiTietDatPhong
[ERROR] /D:/Tester/N4-Testing/src/main/java/com/n4testing/service/TraPhongService.java:[51,86] cannot find symbol
  symbol:   method getSoLuongPhong()
  location: variable ct of type com.n4testing.model.ChiTietDatPhong
[ERROR] /D:/Tester/N4-Testing/src/main/java/com/n4testing/service/TraPhongService.java:[52,63] cannot find symbol
  symbol:   method getPhong()
  location: variable ct of type com.n4testing.model.ChiTietDatPhong
[ERROR] /D:/Tester/N4-Testing/src/main/java/com/n4testing/service/TraPhongService.java:[61,40] cannot find symbol
  symbol:   method getTongThanhToan()
  location: variable datPhong of type com.n4testing.model.DatPhong
[ERROR] /D:/Tester/N4-Testing/src/main/java/com/n4testing/service/TraPhongService.java:[67,35] cannot find symbol
  symbol:   method getSoPhong()
  location: variable datPhong of type com.n4testing.model.DatPhong
[ERROR] /D:/Tester/N4-Testing/src/main/java/com/n4testing/service/TraPhongService.java:[77,30] cannot find symbol
  symbol:   method getTenPhong()
  location: variable p of type com.n4testing.model.Phong
[ERROR] /D:/Tester/N4-Testing/src/main/java/com/n4testing/service/TraPhongService.java:[78,41] cannot find symbol
  symbol:   method getTenPhong()
  location: variable p of type com.n4testing.model.Phong
[ERROR] /D:/Tester/N4-Testing/src/main/java/com/n4testing/service/TraPhongService.java:[87,38] cannot find symbol
  symbol:   method getGiaPhong()
  location: class com.n4testing.model.Phong
[ERROR] /D:/Tester/N4-Testing/src/main/java/com/n4testing/service/TraPhongService.java:[107,28] cannot find symbol
  symbol:   method getThanhTien()
  location: variable s of type com.n4testing.model.SuDungDichVu
[ERROR] /D:/Tester/N4-Testing/src/main/java/com/n4testing/service/TraPhongService.java:[107,55] cannot find symbol
  symbol:   method getThanhTien()
  location: variable s of type com.n4testing.model.SuDungDichVu
[ERROR] /D:/Tester/N4-Testing/src/main/java/com/n4testing/service/TraPhongService.java:[113,30] cannot find symbol
  symbol:   method getSoTienBoiThuong()
  location: variable th of type com.n4testing.model.ThietHai
[ERROR] /D:/Tester/N4-Testing/src/main/java/com/n4testing/service/TraPhongService.java:[113,64] cannot find symbol
  symbol:   method getSoTienBoiThuong()
  location: variable th of type com.n4testing.model.ThietHai
[ERROR] /D:/Tester/N4-Testing/src/main/java/com/n4testing/service/TraPhongService.java:[131,15] cannot find symbol
  symbol:   method setTongTien(java.math.BigDecimal)
  location: variable hoaDon of type com.n4testing.model.HoaDon
[ERROR] /D:/Tester/N4-Testing/src/main/java/com/n4testing/service/TraPhongService.java:[132,15] cannot find symbol
  symbol:   method setTrangThai(java.lang.String)
  location: variable hoaDon of type com.n4testing.model.HoaDon
[ERROR] /D:/Tester/N4-Testing/src/main/java/com/n4testing/service/TraPhongService.java:[133,15] cannot find symbol
  symbol:   method setNgayLap(java.time.LocalDateTime)
  location: variable hoaDon of type com.n4testing.model.HoaDon
[ERROR] /D:/Tester/N4-Testing/src/main/java/com/n4testing/service/TraPhongService.java:[138,18] cannot find symbol
  symbol:   method setHoaDon(com.n4testing.model.HoaDon)
  location: variable thanhToan of type com.n4testing.model.ThanhToan
[ERROR] /D:/Tester/N4-Testing/src/main/java/com/n4testing/service/TraPhongService.java:[139,18] cannot find symbol
  symbol:   method setSoTien(java.math.BigDecimal)
  location: variable thanhToan of type com.n4testing.model.ThanhToan
[ERROR] /D:/Tester/N4-Testing/src/main/java/com/n4testing/service/TraPhongService.java:[140,18] cannot find symbol
  symbol:   method setPhuongThuc(java.lang.String)
  location: variable thanhToan of type com.n4testing.model.ThanhToan
[ERROR] /D:/Tester/N4-Testing/src/main/java/com/n4testing/service/TraPhongService.java:[141,18] cannot find symbol
  symbol:   method setTrangThai(java.lang.String)
  location: variable thanhToan of type com.n4testing.model.ThanhToan
[ERROR] /D:/Tester/N4-Testing/src/main/java/com/n4testing/service/TraPhongService.java:[145,15] cannot find symbol
  symbol:   method setThoiGianCheckoutThucTe(java.time.LocalDateTime)
  location: variable luuTru of type com.n4testing.model.LuuTru
[ERROR] /D:/Tester/N4-Testing/src/main/java/com/n4testing/service/TraPhongService.java:[149,35] cannot find symbol
  symbol:   method getDatPhong()
  location: variable luuTru of type com.n4testing.model.LuuTru
[ERROR] /D:/Tester/N4-Testing/src/main/java/com/n4testing/service/TraPhongService.java:[150,17] cannot find symbol
  symbol:   method setTrangThai(java.lang.String)
  location: variable datPhong of type com.n4testing.model.DatPhong
[ERROR] /D:/Tester/N4-Testing/src/main/java/com/n4testing/service/TraPhongService.java:[156,29] cannot find symbol
  symbol:   method getPhong()
  location: variable ct of type com.n4testing.model.ChiTietDatPhong
[ERROR] /D:/Tester/N4-Testing/src/main/java/com/n4testing/service/TraPhongService.java:[158,22] cannot find symbol
  symbol:   method setTrangThai(java.lang.String)
  location: variable phong of type com.n4testing.model.Phong
[ERROR] /D:/Tester/N4-Testing/src/main/java/com/n4testing/service/TraPhongService.java:[166,14] cannot find symbol
  symbol:   method setHoaDon(com.n4testing.model.HoaDon)
  location: variable s of type com.n4testing.model.SuDungDichVu
[ERROR] /D:/Tester/N4-Testing/src/main/java/com/n4testing/model/DatPhong.java:[49,33] cannot find symbol
  symbol:   method getPhong()
  location: variable ct of type com.n4testing.model.ChiTietDatPhong
[ERROR] /D:/Tester/N4-Testing/src/main/java/com/n4testing/model/DatPhong.java:[50,30] cannot find symbol
  symbol:   method getPhong()
  location: variable ct of type com.n4testing.model.ChiTietDatPhong
[ERROR] /D:/Tester/N4-Testing/src/main/java/com/n4testing/model/DatPhong.java:[51,17] no suitable method found for collect(java.util.stream.Collector<java.lang.CharSequence,capture#3 of ?,java.lang.String>)
    method java.util.stream.Stream.<R>collect(java.util.function.Supplier<R>,java.util.function.BiConsumer<R,? super java.lang.Object>,java.util.function.BiConsumer<R,R>) is not applicable
      (cannot infer type-variable(s) R
        (actual and formal argument lists differ in length))
    method java.util.stream.Stream.<R,A>collect(java.util.stream.Collector<? super java.lang.Object,A,R>) is not applicable
      (cannot infer type-variable(s) R,A
        (argument mismatch; java.util.stream.Collector<java.lang.CharSequence,capture#4 of ?,java.lang.String> cannot be converted to java.util.stream.Collector<? super java.lang.Object,A,R>))
[ERROR] /D:/Tester/N4-Testing/src/main/java/com/n4testing/model/SuDungDichVu.java:[49,31] cannot find symbol
  symbol:   method getDonGia()
  location: variable dichVu of type com.n4testing.model.DichVu
[ERROR] /D:/Tester/N4-Testing/src/main/java/com/n4testing/controller/WebController.java:[50,49] cannot find symbol
  symbol:   method getMatKhau()
  location: class com.n4testing.model.TaiKhoan
[ERROR] /D:/Tester/N4-Testing/src/main/java/com/n4testing/controller/WebController.java:[68,31] cannot find symbol
  symbol:   method getTenPhong()
  location: variable p of type com.n4testing.model.Phong
[ERROR] /D:/Tester/N4-Testing/src/main/java/com/n4testing/controller/WebController.java:[68,59] cannot find symbol
  symbol:   method getTenPhong()
  location: variable p of type com.n4testing.model.Phong
[ERROR] /D:/Tester/N4-Testing/src/main/java/com/n4testing/controller/WebController.java:[69,46] invalid method reference
  cannot find symbol
    symbol:   method getTenPhong()
    location: class com.n4testing.model.Phong
[ERROR] /D:/Tester/N4-Testing/src/main/java/com/n4testing/controller/WebController.java:[77,41] cannot find symbol
  symbol:   method getTenPhong()
  location: variable p of type java.lang.Object
[ERROR] /D:/Tester/N4-Testing/src/main/java/com/n4testing/controller/WebController.java:[83,66] cannot find symbol
  symbol:   method getTrangThai()
  location: variable p of type com.n4testing.model.Phong
[ERROR] /D:/Tester/N4-Testing/src/main/java/com/n4testing/controller/WebController.java:[84,74] cannot find symbol
  symbol:   method getTrangThai()
  location: variable p of type com.n4testing.model.Phong
[ERROR] /D:/Tester/N4-Testing/src/main/java/com/n4testing/controller/WebController.java:[88,46] cannot find symbol
  symbol:   method getTrangThai()
  location: variable p of type com.n4testing.model.Phong
[ERROR] /D:/Tester/N4-Testing/src/main/java/com/n4testing/controller/WebController.java:[89,56] cannot find symbol
  symbol:   method getIdPhong()
  location: variable p of type com.n4testing.model.Phong
[ERROR] /D:/Tester/N4-Testing/src/main/java/com/n4testing/controller/WebController.java:[90,70] cannot find symbol
  symbol:   method getIdPhong()
  location: variable p of type com.n4testing.model.Phong
[ERROR] /D:/Tester/N4-Testing/src/main/java/com/n4testing/controller/WebController.java:[134,31] cannot find symbol
  symbol:   method getTenPhong()
  location: variable p of type com.n4testing.model.Phong
[ERROR] /D:/Tester/N4-Testing/src/main/java/com/n4testing/controller/WebController.java:[134,59] cannot find symbol
  symbol:   method getTenPhong()
  location: variable p of type com.n4testing.model.Phong
[ERROR] /D:/Tester/N4-Testing/src/main/java/com/n4testing/controller/WebController.java:[135,39] cannot find symbol
  symbol:   method getTenPhong()
  location: variable p1 of type com.n4testing.model.Phong
[ERROR] /D:/Tester/N4-Testing/src/main/java/com/n4testing/controller/WebController.java:[135,66] cannot find symbol
  symbol:   method getTenPhong()
  location: variable p2 of type com.n4testing.model.Phong
[ERROR] /D:/Tester/N4-Testing/src/main/java/com/n4testing/controller/WebController.java:[137,41] cannot find symbol
  symbol:   method getTenPhong()
  location: variable p of type com.n4testing.model.Phong
[ERROR] /D:/Tester/N4-Testing/src/main/java/com/n4testing/service/NhanPhongService.java:[63,17] cannot find symbol
  symbol:   method setTrangThai(java.lang.String)
  location: variable datPhong of type com.n4testing.model.DatPhong
[ERROR] /D:/Tester/N4-Testing/src/main/java/com/n4testing/service/NhanPhongService.java:[68,15] cannot find symbol
  symbol:   method setDatPhong(com.n4testing.model.DatPhong)
  location: variable luuTru of type com.n4testing.model.LuuTru
[ERROR] /D:/Tester/N4-Testing/src/main/java/com/n4testing/service/NhanPhongService.java:[69,15] cannot find symbol
  symbol:   method setThoiGianCheckinThucTe(java.time.LocalDateTime)
  location: variable luuTru of type com.n4testing.model.LuuTru
[ERROR] /D:/Tester/N4-Testing/src/main/java/com/n4testing/service/NhanPhongService.java:[70,41] cannot find symbol
  symbol:   method getTongSoNguoi()
  location: variable datPhong of type com.n4testing.model.DatPhong
[ERROR] /D:/Tester/N4-Testing/src/main/java/com/n4testing/service/NhanPhongService.java:[76,29] cannot find symbol
  symbol:   method getPhong()
  location: variable ct of type com.n4testing.model.ChiTietDatPhong
[ERROR] /D:/Tester/N4-Testing/src/main/java/com/n4testing/service/NhanPhongService.java:[78,22] cannot find symbol
  symbol:   method setTrangThai(java.lang.String)
  location: variable phong of type com.n4testing.model.Phong
[ERROR] /D:/Tester/N4-Testing/src/main/java/com/n4testing/service/NhanPhongService.java:[88,33] cannot find symbol
  symbol:   method getPhong()
  location: variable ct of type com.n4testing.model.ChiTietDatPhong
[ERROR] /D:/Tester/N4-Testing/src/main/java/com/n4testing/service/NhanPhongService.java:[90,33] cannot find symbol
  symbol:   method getPhong()
  location: variable ct of type com.n4testing.model.ChiTietDatPhong
[ERROR] /D:/Tester/N4-Testing/src/main/java/com/n4testing/service/NhanPhongService.java:[112,39] cannot find symbol
  symbol:   method getTrangThai()
  location: variable targetRoom of type com.n4testing.model.Phong
[ERROR] /D:/Tester/N4-Testing/src/main/java/com/n4testing/service/NhanPhongService.java:[117,31] cannot find symbol
  symbol:   method getPhong()
  location: variable ct of type com.n4testing.model.ChiTietDatPhong
[ERROR] /D:/Tester/N4-Testing/src/main/java/com/n4testing/service/NhanPhongService.java:[118,43] cannot find symbol
  symbol:   method getTrangThai()
  location: variable currentRoom of type com.n4testing.model.Phong
[ERROR] /D:/Tester/N4-Testing/src/main/java/com/n4testing/service/NhanPhongService.java:[120,19] cannot find symbol
  symbol:   method setTrangThai(java.lang.String)
  location: variable targetRoom of type com.n4testing.model.Phong
[ERROR] /D:/Tester/N4-Testing/src/main/java/com/n4testing/service/NhanPhongService.java:[121,20] cannot find symbol
  symbol:   method setTrangThai(java.lang.String)
  location: variable currentRoom of type com.n4testing.model.Phong
[ERROR] /D:/Tester/N4-Testing/src/main/java/com/n4testing/service/NhanPhongService.java:[127,11] cannot find symbol
  symbol:   method setPhong(com.n4testing.model.Phong)
  location: variable ct of type com.n4testing.model.ChiTietDatPhong
[ERROR] /D:/Tester/N4-Testing/src/main/java/com/n4testing/controller/SummaryController.java:[29,31] cannot find symbol
  symbol:   method getTenPhong()
  location: variable p of type com.n4testing.model.Phong
[ERROR] /D:/Tester/N4-Testing/src/main/java/com/n4testing/controller/SummaryController.java:[29,59] cannot find symbol
  symbol:   method getTenPhong()
  location: variable p of type com.n4testing.model.Phong
[ERROR] /D:/Tester/N4-Testing/src/main/java/com/n4testing/controller/SummaryController.java:[30,46] invalid method reference
  cannot find symbol
    symbol:   method getTenPhong()
    location: class com.n4testing.model.Phong
[ERROR] /D:/Tester/N4-Testing/src/main/java/com/n4testing/controller/SummaryController.java:[47,53] cannot find symbol
  symbol:   method getDatPhong()
  location: variable booking of type com.n4testing.model.ChiTietDatPhong
[ERROR] /D:/Tester/N4-Testing/src/main/java/com/n4testing/controller/SummaryController.java:[48,53] cannot find symbol
  symbol:   method getDatPhong()
  location: variable booking of type com.n4testing.model.ChiTietDatPhong
[ERROR] /D:/Tester/N4-Testing/src/main/java/com/n4testing/controller/SummaryController.java:[49,50] cannot find symbol
  symbol:   method getDatPhong()
  location: variable booking of type com.n4testing.model.ChiTietDatPhong
[ERROR] /D:/Tester/N4-Testing/src/main/java/com/n4testing/controller/SummaryController.java:[50,53] cannot find symbol
  symbol:   method getDatPhong()
  location: variable booking of type com.n4testing.model.ChiTietDatPhong
[ERROR] /D:/Tester/N4-Testing/src/main/java/com/n4testing/controller/SummaryController.java:[51,52] cannot find symbol
  symbol:   method getDatPhong()
  location: variable booking of type com.n4testing.model.ChiTietDatPhong
[ERROR] /D:/Tester/N4-Testing/src/main/java/com/n4testing/controller/SummaryController.java:[52,52] cannot find symbol
  symbol:   method getDatPhong()
  location: variable booking of type com.n4testing.model.ChiTietDatPhong
[ERROR] /D:/Tester/N4-Testing/src/main/java/com/n4testing/controller/SummaryController.java:[54,57] cannot find symbol
  symbol:   method getDatPhong()
  location: variable booking of type com.n4testing.model.ChiTietDatPhong
[ERROR] /D:/Tester/N4-Testing/src/main/java/com/n4testing/controller/SummaryController.java:[60,50] cannot find symbol
  symbol:   method get(java.lang.String)
  location: variable p of type java.lang.Object
[ERROR] /D:/Tester/N4-Testing/src/main/java/com/n4testing/controller/SummaryController.java:[66,66] cannot find symbol
  symbol:   method getTrangThai()
  location: variable p of type com.n4testing.model.Phong
[ERROR] /D:/Tester/N4-Testing/src/main/java/com/n4testing/controller/SummaryController.java:[67,74] cannot find symbol
  symbol:   method getTrangThai()
  location: variable p of type com.n4testing.model.Phong
[ERROR] /D:/Tester/N4-Testing/src/main/java/com/n4testing/controller/SummaryController.java:[69,46] cannot find symbol
  symbol:   method getTrangThai()
  location: variable p of type com.n4testing.model.Phong
[ERROR] /D:/Tester/N4-Testing/src/main/java/com/n4testing/controller/SummaryController.java:[70,56] cannot find symbol
  symbol:   method getIdPhong()
  location: variable p of type com.n4testing.model.Phong
[ERROR] /D:/Tester/N4-Testing/src/main/java/com/n4testing/controller/SummaryController.java:[71,70] cannot find symbol
  symbol:   method getIdPhong()
  location: variable p of type com.n4testing.model.Phong
[ERROR] /D:/Tester/N4-Testing/src/main/java/com/n4testing/service/DatPhongService.java:[61,22] cannot find symbol
  symbol:   method setHoTen(hoTen != n[...] : "")
  location: variable khachHang of type com.n4testing.model.KhachHang
[ERROR] /D:/Tester/N4-Testing/src/main/java/com/n4testing/service/DatPhongService.java:[62,22] cannot find symbol
  symbol:   method setSdt(java.lang.String)
  location: variable khachHang of type com.n4testing.model.KhachHang
[ERROR] /D:/Tester/N4-Testing/src/main/java/com/n4testing/service/DatPhongService.java:[63,22] cannot find symbol
  symbol:   method setCccd(java.lang.String)
  location: variable khachHang of type com.n4testing.model.KhachHang
[ERROR] /D:/Tester/N4-Testing/src/main/java/com/n4testing/service/DatPhongService.java:[74,17] cannot find symbol
  symbol:   method setMaDatPhong(java.lang.String)
  location: variable datPhong of type com.n4testing.model.DatPhong
[ERROR] /D:/Tester/N4-Testing/src/main/java/com/n4testing/service/DatPhongService.java:[75,17] cannot find symbol
  symbol:   method setKhachHang(com.n4testing.model.KhachHang)
  location: variable datPhong of type com.n4testing.model.DatPhong
[ERROR] /D:/Tester/N4-Testing/src/main/java/com/n4testing/service/DatPhongService.java:[76,17] cannot find symbol
  symbol:   method setTenNguoiDat(java.lang.String)
  location: variable datPhong of type com.n4testing.model.DatPhong
[ERROR] /D:/Tester/N4-Testing/src/main/java/com/n4testing/service/DatPhongService.java:[77,17] cannot find symbol
  symbol:   method setSdtNguoiDat(java.lang.String)
  location: variable datPhong of type com.n4testing.model.DatPhong
[ERROR] /D:/Tester/N4-Testing/src/main/java/com/n4testing/service/DatPhongService.java:[78,17] cannot find symbol
  symbol:   method setNgayNhan(java.time.LocalDateTime)
  location: variable datPhong of type com.n4testing.model.DatPhong
[ERROR] /D:/Tester/N4-Testing/src/main/java/com/n4testing/service/DatPhongService.java:[79,17] cannot find symbol
  symbol:   method setNgayTra(java.time.LocalDateTime)
  location: variable datPhong of type com.n4testing.model.DatPhong
[ERROR] /D:/Tester/N4-Testing/src/main/java/com/n4testing/service/DatPhongService.java:[80,17] cannot find symbol
  symbol:   method setSoNguoiLon(java.lang.Integer)
  location: variable datPhong of type com.n4testing.model.DatPhong
[INFO] 100 errors 
[INFO] -------------------------------------------------------------
[INFO] ------------------------------------------------------------------------
[INFO] BUILD FAILURE
[INFO] ------------------------------------------------------------------------
[INFO] Total time:  3.712 s
[INFO] Finished at: 2026-04-22T17:19:15+07:00
[INFO] ------------------------------------------------------------------------
[ERROR] Failed to execute goal org.apache.maven.plugins:maven-compiler-plugin:3.11.0:compile (default-compile) on project hotel-management-testing: Compilation failure: Compilation failure: 
[ERROR] /D:/Tester/N4-Testing/src/main/java/com/n4testing/controller/TraPhongController.java:[30,34] cannot find symbol
[ERROR]   symbol:   method getIdLuutru()
[ERROR]   location: variable s of type com.n4testing.model.LuuTru
[ERROR] /D:/Tester/N4-Testing/src/main/java/com/n4testing/controller/TraPhongController.java:[31,34] cannot find symbol
[ERROR]   symbol:   method getDatPhong()
[ERROR]   location: variable s of type com.n4testing.model.LuuTru
[ERROR] /D:/Tester/N4-Testing/src/main/java/com/n4testing/controller/TraPhongController.java:[32,47] cannot find symbol
[ERROR]   symbol:   method getThoiGianCheckinThucTe()
[ERROR]   location: variable s of type com.n4testing.model.LuuTru
[ERROR] /D:/Tester/N4-Testing/src/main/java/com/n4testing/controller/TraPhongController.java:[33,48] cannot find symbol
[ERROR]   symbol:   method getThoiGianCheckoutThucTe()
[ERROR]   location: variable s of type com.n4testing.model.LuuTru
[ERROR] /D:/Tester/N4-Testing/src/main/java/com/n4testing/controller/TraPhongController.java:[34,39] cannot find symbol
[ERROR]   symbol:   method getSoNguoiThucTe()
[ERROR]   location: variable s of type com.n4testing.model.LuuTru
[ERROR] /D:/Tester/N4-Testing/src/main/java/com/n4testing/controller/TraPhongController.java:[35,42] cannot find symbol
[ERROR]   symbol:   method getSuDungDichVuList()
[ERROR]   location: variable s of type com.n4testing.model.LuuTru
[ERROR] /D:/Tester/N4-Testing/src/main/java/com/n4testing/controller/TraPhongController.java:[36,38] cannot find symbol
[ERROR]   symbol:   method getThietHaiList()
[ERROR]   location: variable s of type com.n4testing.model.LuuTru
[ERROR] /D:/Tester/N4-Testing/src/main/java/com/n4testing/service/TraPhongService.java:[30,37] cannot find symbol
[ERROR]   symbol:   method getDatPhong()
[ERROR]   location: variable luuTru of type com.n4testing.model.LuuTru
[ERROR] /D:/Tester/N4-Testing/src/main/java/com/n4testing/service/TraPhongService.java:[31,88] cannot find symbol
[ERROR]   symbol:   method getDatPhong()
[ERROR]   location: variable luuTru of type com.n4testing.model.LuuTru
[ERROR] /D:/Tester/N4-Testing/src/main/java/com/n4testing/service/TraPhongService.java:[33,26] cannot find symbol
[ERROR]   symbol:   method getDatPhong()
[ERROR]   location: variable luuTru of type com.n4testing.model.LuuTru
[ERROR] /D:/Tester/N4-Testing/src/main/java/com/n4testing/service/TraPhongService.java:[36,31] cannot find symbol
[ERROR]   symbol:   method getPhong()
[ERROR]   location: variable d of type com.n4testing.model.ChiTietDatPhong
[ERROR] /D:/Tester/N4-Testing/src/main/java/com/n4testing/service/TraPhongService.java:[37,28] cannot find symbol
[ERROR]   symbol:   method getPhong()
[ERROR]   location: variable d of type com.n4testing.model.ChiTietDatPhong
[ERROR] /D:/Tester/N4-Testing/src/main/java/com/n4testing/service/TraPhongService.java:[38,17] no suitable method found for collect(java.util.stream.Collector<java.lang.CharSequence,capture#1 of ?,java.lang.String>)
[ERROR]     method java.util.stream.Stream.<R>collect(java.util.function.Supplier<R>,java.util.function.BiConsumer<R,? super java.lang.Object>,java.util.function.BiConsumer<R,R>) is not applicable
[ERROR]       (cannot infer type-variable(s) R
[ERROR]         (actual and formal argument lists differ in length))
[ERROR]     method java.util.stream.Stream.<R,A>collect(java.util.stream.Collector<? super java.lang.Object,A,R>) is not applicable
[ERROR]       (cannot infer type-variable(s) R,A
[ERROR]         (argument mismatch; java.util.stream.Collector<java.lang.CharSequence,capture#2 of ?,java.lang.String> cannot be converted to java.util.stream.Collector<? super java.lang.Object,A,R>))
[ERROR] /D:/Tester/N4-Testing/src/main/java/com/n4testing/service/TraPhongService.java:[42,35] cannot find symbol
[ERROR]   symbol:   method getDatPhong()
[ERROR]   location: variable luuTru of type com.n4testing.model.LuuTru
[ERROR] /D:/Tester/N4-Testing/src/main/java/com/n4testing/service/TraPhongService.java:[50,23] cannot find symbol
[ERROR]   symbol:   method getPhong()
[ERROR]   location: variable ct of type com.n4testing.model.ChiTietDatPhong
[ERROR] /D:/Tester/N4-Testing/src/main/java/com/n4testing/service/TraPhongService.java:[50,48] cannot find symbol
[ERROR]   symbol:   method getPhong()
[ERROR]   location: variable ct of type com.n4testing.model.ChiTietDatPhong
[ERROR] /D:/Tester/N4-Testing/src/main/java/com/n4testing/service/TraPhongService.java:[51,55] cannot find symbol
[ERROR]   symbol:   method getSoLuongPhong()
[ERROR]   location: variable ct of type com.n4testing.model.ChiTietDatPhong
[ERROR] /D:/Tester/N4-Testing/src/main/java/com/n4testing/service/TraPhongService.java:[51,86] cannot find symbol
[ERROR]   symbol:   method getSoLuongPhong()
[ERROR]   location: variable ct of type com.n4testing.model.ChiTietDatPhong
[ERROR] /D:/Tester/N4-Testing/src/main/java/com/n4testing/service/TraPhongService.java:[52,63] cannot find symbol
[ERROR]   symbol:   method getPhong()
[ERROR]   location: variable ct of type com.n4testing.model.ChiTietDatPhong
[ERROR] /D:/Tester/N4-Testing/src/main/java/com/n4testing/service/TraPhongService.java:[61,40] cannot find symbol
[ERROR]   symbol:   method getTongThanhToan()
[ERROR]   location: variable datPhong of type com.n4testing.model.DatPhong
[ERROR] /D:/Tester/N4-Testing/src/main/java/com/n4testing/service/TraPhongService.java:[67,35] cannot find symbol
[ERROR]   symbol:   method getSoPhong()
[ERROR]   location: variable datPhong of type com.n4testing.model.DatPhong
[ERROR] /D:/Tester/N4-Testing/src/main/java/com/n4testing/service/TraPhongService.java:[77,30] cannot find symbol
[ERROR]   symbol:   method getTenPhong()
[ERROR]   location: variable p of type com.n4testing.model.Phong
[ERROR] /D:/Tester/N4-Testing/src/main/java/com/n4testing/service/TraPhongService.java:[78,41] cannot find symbol
[ERROR]   symbol:   method getTenPhong()
[ERROR]   location: variable p of type com.n4testing.model.Phong
[ERROR] /D:/Tester/N4-Testing/src/main/java/com/n4testing/service/TraPhongService.java:[87,38] cannot find symbol
[ERROR]   symbol:   method getGiaPhong()
[ERROR]   location: class com.n4testing.model.Phong
[ERROR] /D:/Tester/N4-Testing/src/main/java/com/n4testing/service/TraPhongService.java:[107,28] cannot find symbol
[ERROR]   symbol:   method getThanhTien()
[ERROR]   location: variable s of type com.n4testing.model.SuDungDichVu
[ERROR] /D:/Tester/N4-Testing/src/main/java/com/n4testing/service/TraPhongService.java:[107,55] cannot find symbol
[ERROR]   symbol:   method getThanhTien()
[ERROR]   location: variable s of type com.n4testing.model.SuDungDichVu
[ERROR] /D:/Tester/N4-Testing/src/main/java/com/n4testing/service/TraPhongService.java:[113,30] cannot find symbol
[ERROR]   symbol:   method getSoTienBoiThuong()
[ERROR]   location: variable th of type com.n4testing.model.ThietHai
[ERROR] /D:/Tester/N4-Testing/src/main/java/com/n4testing/service/TraPhongService.java:[113,64] cannot find symbol
[ERROR]   symbol:   method getSoTienBoiThuong()
[ERROR]   location: variable th of type com.n4testing.model.ThietHai
[ERROR] /D:/Tester/N4-Testing/src/main/java/com/n4testing/service/TraPhongService.java:[131,15] cannot find symbol
[ERROR]   symbol:   method setTongTien(java.math.BigDecimal)
[ERROR]   location: variable hoaDon of type com.n4testing.model.HoaDon
[ERROR] /D:/Tester/N4-Testing/src/main/java/com/n4testing/service/TraPhongService.java:[132,15] cannot find symbol
[ERROR]   symbol:   method setTrangThai(java.lang.String)
[ERROR]   location: variable hoaDon of type com.n4testing.model.HoaDon
[ERROR] /D:/Tester/N4-Testing/src/main/java/com/n4testing/service/TraPhongService.java:[133,15] cannot find symbol
[ERROR]   symbol:   method setNgayLap(java.time.LocalDateTime)
[ERROR]   location: variable hoaDon of type com.n4testing.model.HoaDon
[ERROR] /D:/Tester/N4-Testing/src/main/java/com/n4testing/service/TraPhongService.java:[138,18] cannot find symbol
[ERROR]   symbol:   method setHoaDon(com.n4testing.model.HoaDon)
[ERROR]   location: variable thanhToan of type com.n4testing.model.ThanhToan
[ERROR] /D:/Tester/N4-Testing/src/main/java/com/n4testing/service/TraPhongService.java:[139,18] cannot find symbol
[ERROR]   symbol:   method setSoTien(java.math.BigDecimal)
[ERROR]   location: variable thanhToan of type com.n4testing.model.ThanhToan
[ERROR] /D:/Tester/N4-Testing/src/main/java/com/n4testing/service/TraPhongService.java:[140,18] cannot find symbol
[ERROR]   symbol:   method setPhuongThuc(java.lang.String)
[ERROR]   location: variable thanhToan of type com.n4testing.model.ThanhToan
[ERROR] /D:/Tester/N4-Testing/src/main/java/com/n4testing/service/TraPhongService.java:[141,18] cannot find symbol
[ERROR]   symbol:   method setTrangThai(java.lang.String)
[ERROR]   location: variable thanhToan of type com.n4testing.model.ThanhToan
[ERROR] /D:/Tester/N4-Testing/src/main/java/com/n4testing/service/TraPhongService.java:[145,15] cannot find symbol
[ERROR]   symbol:   method setThoiGianCheckoutThucTe(java.time.LocalDateTime)
[ERROR]   location: variable luuTru of type com.n4testing.model.LuuTru
[ERROR] /D:/Tester/N4-Testing/src/main/java/com/n4testing/service/TraPhongService.java:[149,35] cannot find symbol
[ERROR]   symbol:   method getDatPhong()
[ERROR]   location: variable luuTru of type com.n4testing.model.LuuTru
[ERROR] /D:/Tester/N4-Testing/src/main/java/com/n4testing/service/TraPhongService.java:[150,17] cannot find symbol
[ERROR]   symbol:   method setTrangThai(java.lang.String)
[ERROR]   location: variable datPhong of type com.n4testing.model.DatPhong
[ERROR] /D:/Tester/N4-Testing/src/main/java/com/n4testing/service/TraPhongService.java:[156,29] cannot find symbol
[ERROR]   symbol:   method getPhong()
[ERROR]   location: variable ct of type com.n4testing.model.ChiTietDatPhong
[ERROR] /D:/Tester/N4-Testing/src/main/java/com/n4testing/service/TraPhongService.java:[158,22] cannot find symbol
[ERROR]   symbol:   method setTrangThai(java.lang.String)
[ERROR]   location: variable phong of type com.n4testing.model.Phong
[ERROR] /D:/Tester/N4-Testing/src/main/java/com/n4testing/service/TraPhongService.java:[166,14] cannot find symbol
[ERROR]   symbol:   method setHoaDon(com.n4testing.model.HoaDon)
[ERROR]   location: variable s of type com.n4testing.model.SuDungDichVu
[ERROR] /D:/Tester/N4-Testing/src/main/java/com/n4testing/model/DatPhong.java:[49,33] cannot find symbol
[ERROR]   symbol:   method getPhong()
[ERROR]   location: variable ct of type com.n4testing.model.ChiTietDatPhong
[ERROR] /D:/Tester/N4-Testing/src/main/java/com/n4testing/model/DatPhong.java:[50,30] cannot find symbol
[ERROR]   symbol:   method getPhong()
[ERROR]   location: variable ct of type com.n4testing.model.ChiTietDatPhong
[ERROR] /D:/Tester/N4-Testing/src/main/java/com/n4testing/model/DatPhong.java:[51,17] no suitable method found for collect(java.util.stream.Collector<java.lang.CharSequence,capture#3 of ?,java.lang.String>)
[ERROR]     method java.util.stream.Stream.<R>collect(java.util.function.Supplier<R>,java.util.function.BiConsumer<R,? super java.lang.Object>,java.util.function.BiConsumer<R,R>) is not applicable
[ERROR]       (cannot infer type-variable(s) R
[ERROR]         (actual and formal argument lists differ in length))
[ERROR]     method java.util.stream.Stream.<R,A>collect(java.util.stream.Collector<? super java.lang.Object,A,R>) is not applicable
[ERROR]       (cannot infer type-variable(s) R,A
[ERROR]         (argument mismatch; java.util.stream.Collector<java.lang.CharSequence,capture#4 of ?,java.lang.String> cannot be converted to java.util.stream.Collector<? super java.lang.Object,A,R>))
[ERROR] /D:/Tester/N4-Testing/src/main/java/com/n4testing/model/SuDungDichVu.java:[49,31] cannot find symbol
[ERROR]   symbol:   method getDonGia()
[ERROR]   location: variable dichVu of type com.n4testing.model.DichVu
[ERROR] /D:/Tester/N4-Testing/src/main/java/com/n4testing/controller/WebController.java:[50,49] cannot find symbol
[ERROR]   symbol:   method getMatKhau()
[ERROR]   location: class com.n4testing.model.TaiKhoan
[ERROR] /D:/Tester/N4-Testing/src/main/java/com/n4testing/controller/WebController.java:[68,31] cannot find symbol
[ERROR]   symbol:   method getTenPhong()
[ERROR]   location: variable p of type com.n4testing.model.Phong
[ERROR] /D:/Tester/N4-Testing/src/main/java/com/n4testing/controller/WebController.java:[68,59] cannot find symbol
[ERROR]   symbol:   method getTenPhong()
[ERROR]   location: variable p of type com.n4testing.model.Phong
[ERROR] /D:/Tester/N4-Testing/src/main/java/com/n4testing/controller/WebController.java:[69,46] invalid method reference
[ERROR]   cannot find symbol
[ERROR]     symbol:   method getTenPhong()
[ERROR]     location: class com.n4testing.model.Phong
[ERROR] /D:/Tester/N4-Testing/src/main/java/com/n4testing/controller/WebController.java:[77,41] cannot find symbol
[ERROR]   symbol:   method getTenPhong()
[ERROR]   location: variable p of type java.lang.Object
[ERROR] /D:/Tester/N4-Testing/src/main/java/com/n4testing/controller/WebController.java:[83,66] cannot find symbol
[ERROR]   symbol:   method getTrangThai()
[ERROR]   location: variable p of type com.n4testing.model.Phong
[ERROR] /D:/Tester/N4-Testing/src/main/java/com/n4testing/controller/WebController.java:[84,74] cannot find symbol
[ERROR]   symbol:   method getTrangThai()
[ERROR]   location: variable p of type com.n4testing.model.Phong
[ERROR] /D:/Tester/N4-Testing/src/main/java/com/n4testing/controller/WebController.java:[88,46] cannot find symbol
[ERROR]   symbol:   method getTrangThai()
[ERROR]   location: variable p of type com.n4testing.model.Phong
[ERROR] /D:/Tester/N4-Testing/src/main/java/com/n4testing/controller/WebController.java:[89,56] cannot find symbol
[ERROR]   symbol:   method getIdPhong()
[ERROR]   location: variable p of type com.n4testing.model.Phong
[ERROR] /D:/Tester/N4-Testing/src/main/java/com/n4testing/controller/WebController.java:[90,70] cannot find symbol
[ERROR]   symbol:   method getIdPhong()
[ERROR]   location: variable p of type com.n4testing.model.Phong
[ERROR] /D:/Tester/N4-Testing/src/main/java/com/n4testing/controller/WebController.java:[134,31] cannot find symbol
[ERROR]   symbol:   method getTenPhong()
[ERROR]   location: variable p of type com.n4testing.model.Phong
[ERROR] /D:/Tester/N4-Testing/src/main/java/com/n4testing/controller/WebController.java:[134,59] cannot find symbol
[ERROR]   symbol:   method getTenPhong()
[ERROR]   location: variable p of type com.n4testing.model.Phong
[ERROR] /D:/Tester/N4-Testing/src/main/java/com/n4testing/controller/WebController.java:[135,39] cannot find symbol
[ERROR]   symbol:   method getTenPhong()
[ERROR]   location: variable p1 of type com.n4testing.model.Phong
[ERROR] /D:/Tester/N4-Testing/src/main/java/com/n4testing/controller/WebController.java:[135,66] cannot find symbol
[ERROR]   symbol:   method getTenPhong()
[ERROR]   location: variable p2 of type com.n4testing.model.Phong
[ERROR] /D:/Tester/N4-Testing/src/main/java/com/n4testing/controller/WebController.java:[137,41] cannot find symbol
[ERROR]   symbol:   method getTenPhong()
[ERROR]   location: variable p of type com.n4testing.model.Phong
[ERROR] /D:/Tester/N4-Testing/src/main/java/com/n4testing/service/NhanPhongService.java:[63,17] cannot find symbol
[ERROR]   symbol:   method setTrangThai(java.lang.String)
[ERROR]   location: variable datPhong of type com.n4testing.model.DatPhong
[ERROR] /D:/Tester/N4-Testing/src/main/java/com/n4testing/service/NhanPhongService.java:[68,15] cannot find symbol
[ERROR]   symbol:   method setDatPhong(com.n4testing.model.DatPhong)
[ERROR]   location: variable luuTru of type com.n4testing.model.LuuTru
[ERROR] /D:/Tester/N4-Testing/src/main/java/com/n4testing/service/NhanPhongService.java:[69,15] cannot find symbol
[ERROR]   symbol:   method setThoiGianCheckinThucTe(java.time.LocalDateTime)
[ERROR]   location: variable luuTru of type com.n4testing.model.LuuTru
[ERROR] /D:/Tester/N4-Testing/src/main/java/com/n4testing/service/NhanPhongService.java:[70,41] cannot find symbol
[ERROR]   symbol:   method getTongSoNguoi()
[ERROR]   location: variable datPhong of type com.n4testing.model.DatPhong
[ERROR] /D:/Tester/N4-Testing/src/main/java/com/n4testing/service/NhanPhongService.java:[76,29] cannot find symbol
[ERROR]   symbol:   method getPhong()
[ERROR]   location: variable ct of type com.n4testing.model.ChiTietDatPhong
[ERROR] /D:/Tester/N4-Testing/src/main/java/com/n4testing/service/NhanPhongService.java:[78,22] cannot find symbol
[ERROR]   symbol:   method setTrangThai(java.lang.String)
[ERROR]   location: variable phong of type com.n4testing.model.Phong
[ERROR] /D:/Tester/N4-Testing/src/main/java/com/n4testing/service/NhanPhongService.java:[88,33] cannot find symbol
[ERROR]   symbol:   method getPhong()
[ERROR]   location: variable ct of type com.n4testing.model.ChiTietDatPhong
[ERROR] /D:/Tester/N4-Testing/src/main/java/com/n4testing/service/NhanPhongService.java:[90,33] cannot find symbol
[ERROR]   symbol:   method getPhong()
[ERROR]   location: variable ct of type com.n4testing.model.ChiTietDatPhong
[ERROR] /D:/Tester/N4-Testing/src/main/java/com/n4testing/service/NhanPhongService.java:[112,39] cannot find symbol
[ERROR]   symbol:   method getTrangThai()
[ERROR]   location: variable targetRoom of type com.n4testing.model.Phong
[ERROR] /D:/Tester/N4-Testing/src/main/java/com/n4testing/service/NhanPhongService.java:[117,31] cannot find symbol
[ERROR]   symbol:   method getPhong()
[ERROR]   location: variable ct of type com.n4testing.model.ChiTietDatPhong
[ERROR] /D:/Tester/N4-Testing/src/main/java/com/n4testing/service/NhanPhongService.java:[118,43] cannot find symbol
[ERROR]   symbol:   method getTrangThai()
[ERROR]   location: variable currentRoom of type com.n4testing.model.Phong
[ERROR] /D:/Tester/N4-Testing/src/main/java/com/n4testing/service/NhanPhongService.java:[120,19] cannot find symbol
[ERROR]   symbol:   method setTrangThai(java.lang.String)
[ERROR]   location: variable targetRoom of type com.n4testing.model.Phong
[ERROR] /D:/Tester/N4-Testing/src/main/java/com/n4testing/service/NhanPhongService.java:[121,20] cannot find symbol
[ERROR]   symbol:   method setTrangThai(java.lang.String)
[ERROR]   location: variable currentRoom of type com.n4testing.model.Phong
[ERROR] /D:/Tester/N4-Testing/src/main/java/com/n4testing/service/NhanPhongService.java:[127,11] cannot find symbol
[ERROR]   symbol:   method setPhong(com.n4testing.model.Phong)
[ERROR]   location: variable ct of type com.n4testing.model.ChiTietDatPhong
[ERROR] /D:/Tester/N4-Testing/src/main/java/com/n4testing/controller/SummaryController.java:[29,31] cannot find symbol
[ERROR]   symbol:   method getTenPhong()
[ERROR]   location: variable p of type com.n4testing.model.Phong
[ERROR] /D:/Tester/N4-Testing/src/main/java/com/n4testing/controller/SummaryController.java:[29,59] cannot find symbol
[ERROR]   symbol:   method getTenPhong()
[ERROR]   location: variable p of type com.n4testing.model.Phong
[ERROR] /D:/Tester/N4-Testing/src/main/java/com/n4testing/controller/SummaryController.java:[30,46] invalid method reference
[ERROR]   cannot find symbol
[ERROR]     symbol:   method getTenPhong()
[ERROR]     location: class com.n4testing.model.Phong
[ERROR] /D:/Tester/N4-Testing/src/main/java/com/n4testing/controller/SummaryController.java:[47,53] cannot find symbol
[ERROR]   symbol:   method getDatPhong()
[ERROR]   location: variable booking of type com.n4testing.model.ChiTietDatPhong
[ERROR] /D:/Tester/N4-Testing/src/main/java/com/n4testing/controller/SummaryController.java:[48,53] cannot find symbol
[ERROR]   symbol:   method getDatPhong()
[ERROR]   location: variable booking of type com.n4testing.model.ChiTietDatPhong
[ERROR] /D:/Tester/N4-Testing/src/main/java/com/n4testing/controller/SummaryController.java:[49,50] cannot find symbol
[ERROR]   symbol:   method getDatPhong()
[ERROR]   location: variable booking of type com.n4testing.model.ChiTietDatPhong
[ERROR] /D:/Tester/N4-Testing/src/main/java/com/n4testing/controller/SummaryController.java:[50,53] cannot find symbol
[ERROR]   symbol:   method getDatPhong()
[ERROR]   location: variable booking of type com.n4testing.model.ChiTietDatPhong
[ERROR] /D:/Tester/N4-Testing/src/main/java/com/n4testing/controller/SummaryController.java:[51,52] cannot find symbol
[ERROR]   symbol:   method getDatPhong()
[ERROR]   location: variable booking of type com.n4testing.model.ChiTietDatPhong
[ERROR] /D:/Tester/N4-Testing/src/main/java/com/n4testing/controller/SummaryController.java:[52,52] cannot find symbol
[ERROR]   symbol:   method getDatPhong()
[ERROR]   location: variable booking of type com.n4testing.model.ChiTietDatPhong
[ERROR] /D:/Tester/N4-Testing/src/main/java/com/n4testing/controller/SummaryController.java:[54,57] cannot find symbol
[ERROR]   symbol:   method getDatPhong()
[ERROR]   location: variable booking of type com.n4testing.model.ChiTietDatPhong
[ERROR] /D:/Tester/N4-Testing/src/main/java/com/n4testing/controller/SummaryController.java:[60,50] cannot find symbol
[ERROR]   symbol:   method get(java.lang.String)
[ERROR]   location: variable p of type java.lang.Object
[ERROR] /D:/Tester/N4-Testing/src/main/java/com/n4testing/controller/SummaryController.java:[66,66] cannot find symbol
[ERROR]   symbol:   method getTrangThai()
[ERROR]   location: variable p of type com.n4testing.model.Phong
[ERROR] /D:/Tester/N4-Testing/src/main/java/com/n4testing/controller/SummaryController.java:[67,74] cannot find symbol
[ERROR]   symbol:   method getTrangThai()
[ERROR]   location: variable p of type com.n4testing.model.Phong
[ERROR] /D:/Tester/N4-Testing/src/main/java/com/n4testing/controller/SummaryController.java:[69,46] cannot find symbol
[ERROR]   symbol:   method getTrangThai()
[ERROR]   location: variable p of type com.n4testing.model.Phong
[ERROR] /D:/Tester/N4-Testing/src/main/java/com/n4testing/controller/SummaryController.java:[70,56] cannot find symbol
[ERROR]   symbol:   method getIdPhong()
[ERROR]   location: variable p of type com.n4testing.model.Phong
[ERROR] /D:/Tester/N4-Testing/src/main/java/com/n4testing/controller/SummaryController.java:[71,70] cannot find symbol
[ERROR]   symbol:   method getIdPhong()
[ERROR]   location: variable p of type com.n4testing.model.Phong
[ERROR] /D:/Tester/N4-Testing/src/main/java/com/n4testing/service/DatPhongService.java:[61,22] cannot find symbol
[ERROR]   symbol:   method setHoTen(hoTen != n[...] : "")
[ERROR]   location: variable khachHang of type com.n4testing.model.KhachHang
[ERROR] /D:/Tester/N4-Testing/src/main/java/com/n4testing/service/DatPhongService.java:[62,22] cannot find symbol
[ERROR]   symbol:   method setSdt(java.lang.String)
[ERROR]   location: variable khachHang of type com.n4testing.model.KhachHang
[ERROR] /D:/Tester/N4-Testing/src/main/java/com/n4testing/service/DatPhongService.java:[63,22] cannot find symbol
[ERROR]   symbol:   method setCccd(java.lang.String)
[ERROR]   location: variable khachHang of type com.n4testing.model.KhachHang
[ERROR] /D:/Tester/N4-Testing/src/main/java/com/n4testing/service/DatPhongService.java:[74,17] cannot find symbol
[ERROR]   symbol:   method setMaDatPhong(java.lang.String)
[ERROR]   location: variable datPhong of type com.n4testing.model.DatPhong
[ERROR] /D:/Tester/N4-Testing/src/main/java/com/n4testing/service/DatPhongService.java:[75,17] cannot find symbol
[ERROR]   symbol:   method setKhachHang(com.n4testing.model.KhachHang)
[ERROR]   location: variable datPhong of type com.n4testing.model.DatPhong
[ERROR] /D:/Tester/N4-Testing/src/main/java/com/n4testing/service/DatPhongService.java:[76,17] cannot find symbol
[ERROR]   symbol:   method setTenNguoiDat(java.lang.String)
[ERROR]   location: variable datPhong of type com.n4testing.model.DatPhong
[ERROR] /D:/Tester/N4-Testing/src/main/java/com/n4testing/service/DatPhongService.java:[77,17] cannot find symbol
[ERROR]   symbol:   method setSdtNguoiDat(java.lang.String)
[ERROR]   location: variable datPhong of type com.n4testing.model.DatPhong
[ERROR] /D:/Tester/N4-Testing/src/main/java/com/n4testing/service/DatPhongService.java:[78,17] cannot find symbol
[ERROR]   symbol:   method setNgayNhan(java.time.LocalDateTime)
[ERROR]   location: variable datPhong of type com.n4testing.model.DatPhong
[ERROR] /D:/Tester/N4-Testing/src/main/java/com/n4testing/service/DatPhongService.java:[79,17] cannot find symbol
[ERROR]   symbol:   method setNgayTra(java.time.LocalDateTime)
[ERROR]   location: variable datPhong of type com.n4testing.model.DatPhong
[ERROR] /D:/Tester/N4-Testing/src/main/java/com/n4testing/service/DatPhongService.java:[80,17] cannot find symbol
[ERROR]   symbol:   method setSoNguoiLon(java.lang.Integer)
[ERROR]   location: variable datPhong of type com.n4testing.model.DatPhong
[ERROR] -> [Help 1]
[ERROR] 
[ERROR] To see the full stack trace of the errors, re-run Maven with the -e switch.
[ERROR] Re-run Maven using the -X switch to enable full debug logging.
[ERROR] 
[ERROR] For more information about the errors and possible solutions, please read the following articles:
[ERROR] [Help 1] http://cwiki.apache.org/confluence/display/MAVEN/MojoFailureException
